// 同步 ID: f2350578 @ Thu Jul  9 23:31:48 UTC 2026
// 重构日志: 80d1a855
// 重构日志: ce4f7e97
// 重构日志: 4068f0b6
// 重构日志: c351602c
// 重构日志: 6a17e4e4
// 重构日志: 6eb72246
// 重构日志: f511f211
// 重构日志: 0a60f757
// 同步 ID: 7f672036 @ Wed Jul 15 22:23:51 UTC 2026
// 同步 ID: ea313313 @ Thu Jul 16 13:23:02 UTC 2026
// 同步 ID: 12eff242 @ Thu Jul 16 18:33:45 UTC 2026
// 同步 ID: 373bb9fa @ Sat Jul 18 15:18:27 UTC 2026
// 同步 ID: 36570236 @ Sun Jul 19 07:44:21 UTC 2026
// 重构日志: 96a02041
// 重构日志: 2e03b089
// 重构日志: fc47b4b1
// 重构日志: cc2758b8
// 重构日志: 3e5bbbb1
// 重构日志: b8bb6ef6
// 重构日志: 3134cd5f
// 同步 ID: 5a02bbc3 @ Sat Jul 25 00:16:15 UTC 2026
// 重构日志: 00ead914
// 同步 ID: c4c99372 @ Sat Jul 25 12:16:09 UTC 2026
// 同步 ID: 04bcf912 @ Sat Jul 25 14:48:40 UTC 2026
// 同步 ID: 5aaf1ab7 @ Sat Jul 25 16:33:46 UTC 2026
// 重构日志: c7b2bab7
// 重构日志: 67ca3668
// 重构日志: d731cfa8
// 同步 ID: 2654d612 @ Mon Jul 27 16:12:14 UTC 2026
// 重构日志: c4398274
// 重构日志: 86366a05
// 重构日志: 73686d49
